// Jest Snapshot v1, https://goo.gl/fbAQLP

exports[`InstrumentService find should find one instrument 1`] = `
{
  "_id": "123",
  "description": "description",
  "isin": "123",
}
`;
